// Jest Snapshot v1, https://goo.gl/fbAQLP

exports[`should render Create Component 1`] = `null`;
