// Jest Snapshot v1, https://goo.gl/fbAQLP

exports[`should render Loader Component 1`] = `
<div
  className="root"
>
  <div
    className="root_loader"
  />
</div>
`;
