// Jest Snapshot v1, https://goo.gl/fbAQLP

exports[`should render Update Component 1`] = `null`;
